START collect_hakubotan
hakubotan 20 / 83
hakubotan 40 / 83
hakubotan 60 / 83
hakubotan 80 / 83
START collect_saijotsuru
saijotsuru products 25
START collect_kamotsuru
kamotsuru products 35
START collect_kamoizumi
kamoizumi shop products 53
kamoizumi parsed
START collect_fukubijin
fukubijin products 20
START collect_kirei
kirei retailer products 19
START collect_extra_history
START collect_sanyotsuru
START collect_manual_official
START collect_kanemitsu
kanemitsu official_regular_lineup 5
kanemitsu official_limited_lineup 7
START collect_imada
imada sake products 39
START collect_tsuka
tsuka sake products 15
START collect_secondary_history
secondary checked ã‡åıéë¢ 23
secondary checked ç°ìcéë¢ñ{ìX 30
secondary checked ïøéë¢ 3
secondary unmatched candidates 42
qa dropped non-sake 4
{"generated_at": "2026-09-04T23:00:27.916697+00:00", "scope": "\u6771\u5e83\u5cf6\u5e02\u518510\u8535", "records": 233, "by_brewery": {"\u8cc0\u8302\u9db4\u9152\u9020": 31, "\u767d\u7261\u4e39\u9152\u9020": 44, "\u897f\u689d\u9db4\u91b8\u9020": 23, "\u4e80\u9f62\u9152\u9020": 18, "\u798f\u7f8e\u4eba\u9152\u9020": 13, "\u8cc0\u8302\u6cc9\u9152\u9020": 32, "\u5c71\u967d\u9db4\u9152\u9020": 8, "\u91d1\u5149\u9152\u9020": 13, "\u4eca\u7530\u9152\u9020\u672c\u5e97": 39, "\u67c4\u9152\u9020": 12}, "by_status": {"\u8ca9\u58f2\u4e2d": 182, "\u4f11\u58f2": 0, "\u7d42\u58f2": 4, "\u4e0d\u660e": 47}, "sources": 340, "prompt_injection_hits": 0}
