START collect_hakubotan
hakubotan 20 / 83
hakubotan 40 / 83
hakubotan 60 / 83
hakubotan 80 / 83
START collect_saijotsuru
saijotsuru products 25
START collect_kamotsuru
kamotsuru products 35
START collect_kamoizumi
kamoizumi shop products 53
kamoizumi parsed
START collect_fukubijin
fukubijin products 20
START collect_kirei
kirei retailer products 19
START collect_extra_history
START collect_sanyotsuru
START collect_manual_official
{"generated_at": "2026-09-04T22:41:41.464956+00:00", "records": 173, "by_brewery": {"‰ê–Î’ßğ‘¢": 31, "”’‰²’Oğ‘¢": 44, "¼Š’ßø‘¢": 23, "‹T—îğ‘¢": 18, "•Ÿ”ülğ‘¢": 13, "‰ê–Îòğ‘¢": 36, "R—z’ßğ‘¢": 8}, "by_status": {"”Ì”„’†": 149, "‹x”„": 0, "I”„": 4, "•s–¾": 20}, "sources": 273, "prompt_injection_hits": 0}
